Info: Starting: Create block symbol file (.bsf)
Info: qsys-generate C:\Users\loz\Development\8bitFPGA\6502_8bit\altera\virtualprobe_16bit.qsys --block-symbol-file --output-directory=C:\Users\loz\Development\8bitFPGA\6502_8bit\altera\virtualprobe_16bit --family="Cyclone IV E" --part=EP4CE6F17C8
Progress: Loading altera/virtualprobe_16bit.qsys
Progress: Reading input file
Progress: Adding in_system_sources_probes_0 [altera_in_system_sources_probes 22.1]
Progress: Parameterizing module in_system_sources_probes_0
Progress: Building connections
Progress: Parameterizing connections
Progress: Validating
Progress: Done reading input file
Info: qsys-generate succeeded.
Info: Finished: Create block symbol file (.bsf)
Info: 
Info: Starting: Create HDL design files for synthesis
Info: qsys-generate C:\Users\loz\Development\8bitFPGA\6502_8bit\altera\virtualprobe_16bit.qsys --synthesis=VERILOG --output-directory=C:\Users\loz\Development\8bitFPGA\6502_8bit\altera\virtualprobe_16bit\synthesis --family="Cyclone IV E" --part=EP4CE6F17C8
Progress: Loading altera/virtualprobe_16bit.qsys
Progress: Reading input file
Progress: Adding in_system_sources_probes_0 [altera_in_system_sources_probes 22.1]
Progress: Parameterizing module in_system_sources_probes_0
Progress: Building connections
Progress: Parameterizing connections
Progress: Validating
Progress: Done reading input file
Info: virtualprobe_16bit: Generating virtualprobe_16bit "virtualprobe_16bit" for QUARTUS_SYNTH
Info: in_system_sources_probes_0: "virtualprobe_16bit" instantiated altera_in_system_sources_probes "in_system_sources_probes_0"
Info: virtualprobe_16bit: Done "virtualprobe_16bit" with 2 modules, 2 files
Info: qsys-generate succeeded.
Info: Finished: Create HDL design files for synthesis
